// Jest Snapshot v1, https://goo.gl/fbAQLP

exports[`Card Component renders correctly with given props 1`] = `
<View
  style={
    {
      "alignItems": "center",
      "backgroundColor": "white",
      "borderRadius": 5,
      "elevation": 5,
      "flex": 0.3333333333333333,
      "height": 250,
      "justifyContent": "center",
      "marginVertical": 10,
      "overflow": "hidden",
      "width": 218,
    }
  }
>
  <View
    accessibilityIgnoresInvertColors={true}
    style={
      {
        "flex": 1,
        "height": "100%",
        "resizeMode": "cover",
        "width": "100%",
      }
    }
  >
    <Image
      source={
        {
          "uri": "https://image.tmdb.org/t/p/w500/sample_image.jpg",
        }
      }
      style={
        [
          {
            "bottom": 0,
            "left": 0,
            "position": "absolute",
            "right": 0,
            "top": 0,
          },
          {
            "height": "100%",
            "width": "100%",
          },
          undefined,
        ]
      }
    />
    <View
      style={
        {
          "backgroundColor": "rgba(0, 0, 0, 0.5)",
          "bottom": 0,
          "justifyContent": "flex-end",
          "left": 0,
          "padding": 10,
          "position": "absolute",
          "right": 0,
          "top": 0,
        }
      }
    >
      <Text
        style={
          {
            "color": "white",
            "fontSize": 14,
            "fontWeight": 600,
            "marginBottom": 5,
          }
        }
      >
        Sample Title
      </Text>
      <Text
        style={
          {
            "color": "white",
            "fontSize": 12,
            "fontWeight": 600,
          }
        }
      >
        ‚≠ê 
        7.6
      </Text>
    </View>
  </View>
</View>
`;
